(base) oba@berlioz:~/prekennkyuuFolium$ git add gitlog.txt
fatal: pathspec 'gitlog.txt' did not match any files
(base) oba@berlioz:~/prekennkyuuFolium$ git init
Reinitialized existing Git repository in /home/oba/prekennkyuuFolium/.git/
(base) oba@berlioz:~/prekennkyuuFolium$ git add gitlog.txt
fatal: pathspec 'gitlog.txt' did not match any files
(base) oba@berlioz:~/prekennkyuuFolium$ git add gitlog.txt
fatal: pathspec 'gitlog.txt' did not match any files
(base) oba@berlioz:~/prekennkyuuFolium$ git add programs/gitlog.txt
(base) oba@berlioz:~/prekennkyuuFolium$ git commit -m "Folium"
Auto packing the repository in background for optimum performance.
See "git help gc" for manual housekeeping.
warning: The last gc run reported the following. Please correct the root cause
and remove .git/gc.log.
Automatic cleanup will not be performed until the file is removed.

warning: There are too many unreachable loose objects; run 'git prune' to remove them.

[master 83e3be2] Folium
 1 file changed, 12 insertions(+)
 create mode 100644 programs/gitlog.txt
(base) oba@berlioz:~/prekennkyuuFolium$ git push origin master
Enumerating objects: 6, done.
Counting objects: 100% (6/6), done.
Delta compression using up to 16 threads
Compressing objects: 100% (3/3), done.
Writing objects: 100% (4/4), 716 bytes | 716.00 KiB/s, done.
Total 4 (delta 1), reused 0 (delta 0)
remote: Resolving deltas: 100% (1/1), completed with 1 local object.
To https://github.com/fumiyaoba/preFolium.git
   2e3acac..83e3be2  master -> master
(base) oba@berlioz:~/prekennkyuuFolium$ cd ..
(base) oba@berlioz:~$ ls
Anaconda3-2020.02-Linux-x86_64.sh  prekennkyuuIDS   timetablemaster
anaconda3                          prekennkyuuPCAP
prekennkyuuFolium                  pretest
(base) oba@berlioz:~$ cd timetablemaster/
(base) oba@berlioz:~/timetablemaster$ git in
git: 'in' はgitコマンドではありません。 'git --help'を参照してください。

The most similar commands are
        init
        am
        diff
        gc
        mv
        rm
(base) oba@berlioz:~/timetablemaster$ git init
Initialized empty Git repository in /home/oba/timetablemaster/.git/
(base) oba@berlioz:~/timetablemaster$ git add .
(base) oba@berlioz:~/timetablemaster$ git commit -m "timetable"
[master (root-commit) e370b44] timetable
 11 files changed, 3641 insertions(+)
 create mode 100644 2022MasterRooms-20211202.csv
 create mode 100644 2022MasterThesisList-20211202-joho.csv
 create mode 100644 2022MasterThesisList-20211202-sysjo.csv
 create mode 100644 2022MasterTimeSlots-20211202.csv
 create mode 100644 __pycache__/dataloader.cpython-37.pyc
 create mode 100644 dataloader.py
 create mode 100644 ga02_ClassScheduling.py
 create mode 100644 ga02_ClassScheduling_ks.py
 create mode 100644 outJohoList
 create mode 100644 output_20220123
 create mode 100644 tcuMasterThesisTimeTable.py
(base) oba@berlioz:~/timetablemaster$ git remote add origin https://github.com/fumiyaoba/timetablemaster.git
(base) oba@berlioz:~/timetablemaster$ git push origin master
Enumerating objects: 13, done.
Counting objects: 100% (13/13), done.
Delta compression using up to 16 threads
Compressing objects: 100% (13/13), done.
Writing objects: 100% (13/13), 23.52 KiB | 3.36 MiB/s, done.
Total 13 (delta 1), reused 0 (delta 0)
remote: Resolving deltas: 100% (1/1), done.
To https://github.com/fumiyaoba/timetablemaster.git
 * [new branch]      master -> master
(base) oba@berlioz:~/timetablemaster$ 